#-----------------------------------------------------------
# Vivado v2023.1 (64-bit)
# SW Build 3865809 on Sun May  7 15:05:29 MDT 2023
# IP Build 3864474 on Sun May  7 20:36:21 MDT 2023
# SharedData Build 3865790 on Sun May 07 13:33:03 MDT 2023
# Start of session at: Fri Nov  3 14:19:39 2023
# Process ID: 15220
# Current directory: C:/Users/guivi/AppData/Roaming/Xilinx/Vivado
# Command line: vivado.exe -gui_launcher_event rodinguilauncherevent14548
# Log file: C:/Users/guivi/AppData/Roaming/Xilinx/Vivado/vivado.log
# Journal file: C:/Users/guivi/AppData/Roaming/Xilinx/Vivado\vivado.jou
# Running On: Victor_Yoga, OS: Windows, CPU Frequency: 2096 MHz, CPU Physical cores: 12, Host memory: 7879 MB
#-----------------------------------------------------------
start_gui
open_project C:/Users/guivi/Documents/PSD/projeto3_limpo_arquive.xpr/nn_rd_mems/nn_rd_mems.xpr
update_compile_order -fileset sources_1
reset_run synth_1
set_property AUTO_INCREMENTAL_CHECKPOINT 0 [get_runs synth_1]
set_property incremental_checkpoint {} [get_runs synth_1]
launch_runs synth_1 -jobs 6
wait_on_run synth_1
archive_project C:/Users/guivi/Documents/PSD/project3.xpr.zip -temp_dir C:/Users/guivi/AppData/Roaming/Xilinx/Vivado/.Xil/Vivado-15220-Victor_Yoga -force -include_local_ip_cache
