#-----------------------------------------------------------
# Vivado v2023.1 (64-bit)
# SW Build 3865809 on Sun May  7 15:05:29 MDT 2023
# IP Build 3864474 on Sun May  7 20:36:21 MDT 2023
# SharedData Build 3865790 on Sun May 07 13:33:03 MDT 2023
# Start of session at: Wed Nov  1 14:16:57 2023
# Process ID: 9036
# Current directory: C:/Users/guivi/AppData/Roaming/Xilinx/Vivado
# Command line: vivado.exe -gui_launcher_event rodinguilauncherevent9324
# Log file: C:/Users/guivi/AppData/Roaming/Xilinx/Vivado/vivado.log
# Journal file: C:/Users/guivi/AppData/Roaming/Xilinx/Vivado\vivado.jou
# Running On: Victor_Yoga, OS: Windows, CPU Frequency: 2096 MHz, CPU Physical cores: 12, Host memory: 7879 MB
#-----------------------------------------------------------
start_gui
oopen_project C:/Users/guivi/Documents/PSD/nn_rd_mems/nn_rd_mems.xpr
update_compile_order -fileset sources_1
launch_simulation
source testbench.tcl
close_sim
e_order -fileset sources_1
launch_simulation
open_wave_config {C:/Users/guivi/OneDrive - Universidade de Lisboa/Documentos/Faculdade/PSD/Projeto3_limpo/nn_rd_mems.xpr/nn_rd_mems/testbench_pw1w2.wcfg}
source testbench.tcl
reset_run synth_1
launch_runs synth_1 -jobs 6
wait_on_run synth_1
close_sim
launch_simulation
open_wave_config {C:/Users/guivi/OneDrive - Universidade de Lisboa/Documentos/Faculdade/PSD/Projeto3_limpo/nn_rd_mems.xpr/nn_rd_mems/testbench_pw1w2.wcfg}
source testbench.tcl
close_sim
launch_simulation
open_wave_config {C:/Users/guivi/OneDrive - Universidade de Lisboa/Documentos/Faculdade/PSD/Projeto3_limpo/nn_rd_mems.xpr/nn_rd_mems/testbench_pw1w2.wcfg}
source testbench.tcl
relaunch_sim
close_sim
set_property used_in_simulation false [get_files  {{C:/Users/guivi/OneDrive - Universidade de Lisboa/Documentos/Faculdade/PSD/Projeto3_limpo/nn_rd_mems.xpr/nn_rd_mems/nn_rd_mems.srcs/sources_1/new/Datapath.vhd}}]
set_property used_in_simulation true [get_files  {{C:/Users/guivi/OneDrive - Universidade de Lisboa/Documentos/Faculdade/PSD/Projeto3_limpo/nn_rd_mems.xpr/nn_rd_mems/nn_rd_mems.srcs/sources_1/new/Datapath.vhd}}]
set_property target_simulator ModelSim [current_project]
launch_simulation
set_property target_simulator XSim [current_project]
launch_simulation
open_wave_config {C:/Users/guivi/OneDrive - Universidade de Lisboa/Documentos/Faculdade/PSD/Projeto3_limpo/nn_rd_mems.xpr/nn_rd_mems/testbench_pw1w2.wcfg}
source testbench.tcl
relaunch_sim
archive_project C:/Users/guivi/Documents/PSD/projeto3_limpo_arquive.xpr.zip -temp_dir C:/Users/guivi/AppData/Roaming/Xilinx/Vivado/.Xil/Vivado-9036-Victor_Yoga -force -exclude_run_results -include_local_ip_cache
