#-----------------------------------------------------------
# Vivado v2023.2 (64-bit)
# SW Build 4029153 on Fri Oct 13 20:14:34 MDT 2023
# IP Build 4028589 on Sat Oct 14 00:45:43 MDT 2023
# SharedData Build 4025554 on Tue Oct 10 17:18:54 MDT 2023
# Start of session at: Thu Oct 26 10:16:57 2023
# Process ID: 19496
# Current directory: C:/Users/guivi/OneDrive - Universidade de Lisboa/Documentos/Faculdade/GitHub/PSD/Project_3/P3_baseline/nn_rd_mems.xpr/nn_rd_mems
# Command line: vivado.exe -gui_launcher_event rodinguilauncherevent2356 C:\Users\guivi\OneDrive - Universidade de Lisboa\Documentos\Faculdade\GitHub\PSD\Project_3\P3_baseline\nn_rd_mems.xpr\nn_rd_mems\nn_rd_mems.xpr
# Log file: C:/Users/guivi/OneDrive - Universidade de Lisboa/Documentos/Faculdade/GitHub/PSD/Project_3/P3_baseline/nn_rd_mems.xpr/nn_rd_mems/vivado.log
# Journal file: C:/Users/guivi/OneDrive - Universidade de Lisboa/Documentos/Faculdade/GitHub/PSD/Project_3/P3_baseline/nn_rd_mems.xpr/nn_rd_mems\vivado.jou
# Running On: Victor_Yoga, OS: Windows, CPU Frequency: 2096 MHz, CPU Physical cores: 12, Host memory: 7879 MB
#-----------------------------------------------------------
start_gui
open_project {C:/Users/guivi/OneDrive - Universidade de Lisboa/Documentos/Faculdade/GitHub/PSD/Project_3/P3_baseline/nn_rd_mems.xpr/nn_rd_mems/nn_rd_mems.xpr}
update_compile_order -fileset sources_1
report_ip_status -name ip_status 
import_files -norecurse {{C:/Users/guivi/OneDrive - Universidade de Lisboa/Documentos/Faculdade/GitHub/PSD/Project_3/ControlUnit.vhd} {C:/Users/guivi/OneDrive - Universidade de Lisboa/Documentos/Faculdade/GitHub/PSD/Project_3/Datapath.vhd} {C:/Users/guivi/OneDrive - Universidade de Lisboa/Documentos/Faculdade/GitHub/PSD/Project_3/Circuit.vhd}}
update_compile_order -fileset sources_1
set_property SOURCE_SET sources_1 [get_filesets sim_1]
import_files -fileset sim_1 -norecurse {{C:/Users/guivi/OneDrive - Universidade de Lisboa/Documentos/Faculdade/GitHub/PSD/Project_3/Testbench.vhd}}
update_compile_order -fileset sim_1
import_files -force -norecurse {{C:/Users/guivi/OneDrive - Universidade de Lisboa/Documentos/Faculdade/GitHub/PSD/Project_3/ControlUnit.vhd}}
update_compile_order -fileset sources_1
add_files -norecurse {{C:/Users/guivi/OneDrive - Universidade de Lisboa/Documentos/Faculdade/GitHub/PSD/Project_3/P3_baseline/nn_rd_mems.xpr/nn_rd_mems/nn_rd_mems.srcs/sources_1/imports/Project_3/ControlUnit.vhd} {C:/Users/guivi/OneDrive - Universidade de Lisboa/Documentos/Faculdade/GitHub/PSD/Project_3/P3_baseline/nn_rd_mems.xpr/nn_rd_mems/nn_rd_mems.srcs/sources_1/imports/Project_3/Datapath.vhd} {C:/Users/guivi/OneDrive - Universidade de Lisboa/Documentos/Faculdade/GitHub/PSD/Project_3/P3_baseline/nn_rd_mems.xpr/nn_rd_mems/nn_rd_mems.srcs/sources_1/imports/Project_3/Circuit.vhd}}
launch_runs synth_1 -jobs 6
wait_on_run synth_1
get_board_parts
