#-----------------------------------------------------------
# Vivado v2023.2 (64-bit)
# SW Build 4029153 on Fri Oct 13 20:14:34 MDT 2023
# IP Build 4028589 on Sat Oct 14 00:45:43 MDT 2023
# SharedData Build 4025554 on Tue Oct 10 17:18:54 MDT 2023
# Start of session at: Thu Oct 26 10:36:41 2023
# Process ID: 10532
# Current directory: C:/Users/guivi/Downloads/P3_baseline/nn_rd_mems.xpr/nn_rd_mems/nn_rd_mems.runs/weights1_synth_1
# Command line: vivado.exe -log weights1.vds -product Vivado -mode batch -messageDb vivado.pb -notrace -source weights1.tcl
# Log file: C:/Users/guivi/Downloads/P3_baseline/nn_rd_mems.xpr/nn_rd_mems/nn_rd_mems.runs/weights1_synth_1/weights1.vds
# Journal file: C:/Users/guivi/Downloads/P3_baseline/nn_rd_mems.xpr/nn_rd_mems/nn_rd_mems.runs/weights1_synth_1\vivado.jou
# Running On: Victor_Yoga, OS: Windows, CPU Frequency: 2096 MHz, CPU Physical cores: 12, Host memory: 7879 MB
#-----------------------------------------------------------
source weights1.tcl -notrace
