#-----------------------------------------------------------
# Vivado v2023.1 (64-bit)
# SW Build 3865809 on Sun May  7 15:05:29 MDT 2023
# IP Build 3864474 on Sun May  7 20:36:21 MDT 2023
# SharedData Build 3865790 on Sun May 07 13:33:03 MDT 2023
# Start of session at: Tue Oct 31 17:56:25 2023
# Process ID: 3520
# Current directory: C:/Users/guivi/OneDrive - Universidade de Lisboa/Documentos/Faculdade/GitHub/PSD/Projeto3_limpo/nn_rd_mems.xpr/nn_rd_mems/nn_rd_mems.runs/weights1_synth_1
# Command line: vivado.exe -log weights1.vds -product Vivado -mode batch -messageDb vivado.pb -notrace -source weights1.tcl
# Log file: C:/Users/guivi/OneDrive - Universidade de Lisboa/Documentos/Faculdade/GitHub/PSD/Projeto3_limpo/nn_rd_mems.xpr/nn_rd_mems/nn_rd_mems.runs/weights1_synth_1/weights1.vds
# Journal file: C:/Users/guivi/OneDrive - Universidade de Lisboa/Documentos/Faculdade/GitHub/PSD/Projeto3_limpo/nn_rd_mems.xpr/nn_rd_mems/nn_rd_mems.runs/weights1_synth_1\vivado.jou
# Running On: Victor_Yoga, OS: Windows, CPU Frequency: 2096 MHz, CPU Physical cores: 12, Host memory: 7879 MB
#-----------------------------------------------------------
source weights1.tcl -notrace
